2024-09-26 01:11:52 error: uncaughtException: listen EADDRINUSE: address already in use :::5000
Error: listen EADDRINUSE: address already in use :::5000
    at Server.setupListenHandle [as _listen2] (node:net:1872:16)
    at listenInCluster (node:net:1920:12)
    at Server.listen (node:net:2008:7)
    at Function.listen (/Users/ankithal/Desktop/Projects/Booking_App/Booking-App/api/node_modules/express/lib/application.js:635:24)
    at App.listen (/Users/ankithal/Desktop/Projects/Booking_App/Booking-App/api/src/app.ts:35:14)
    at Object.<anonymous> (/Users/ankithal/Desktop/Projects/Booking_App/Booking-App/api/src/index.ts:23:5)
    at Module._compile (node:internal/modules/cjs/loader:1376:14)
    at Module._compile (/Users/ankithal/Desktop/Projects/Booking_App/Booking-App/api/node_modules/source-map-support/source-map-support.js:568:25)
    at Module.m._compile (/private/var/folders/2n/9gf35p0x31d5fx_xl1rbzv9w0000gn/T/ts-node-dev-hook-3365424403819264.js:69:33)
    at Module._extensions..js (node:internal/modules/cjs/loader:1435:10)
2024-09-26 01:16:40 error: uncaughtException: listen EADDRINUSE: address already in use :::5000
Error: listen EADDRINUSE: address already in use :::5000
    at Server.setupListenHandle [as _listen2] (node:net:1872:16)
    at listenInCluster (node:net:1920:12)
    at Server.listen (node:net:2008:7)
    at Function.listen (/Users/ankithal/Desktop/Projects/Booking_App/Booking-App/api/node_modules/express/lib/application.js:635:24)
    at App.listen (/Users/ankithal/Desktop/Projects/Booking_App/Booking-App/api/src/app.ts:35:14)
    at Object.<anonymous> (/Users/ankithal/Desktop/Projects/Booking_App/Booking-App/api/src/index.ts:23:5)
    at Module._compile (node:internal/modules/cjs/loader:1376:14)
    at Module._compile (/Users/ankithal/Desktop/Projects/Booking_App/Booking-App/api/node_modules/source-map-support/source-map-support.js:568:25)
    at Module.m._compile (/private/var/folders/2n/9gf35p0x31d5fx_xl1rbzv9w0000gn/T/ts-node-dev-hook-12856297478649314.js:69:33)
    at Module._extensions..js (node:internal/modules/cjs/loader:1435:10)
2024-09-26 01:21:24 error: uncaughtException: Could not connect to any servers in your MongoDB Atlas cluster. One common reason is that you're trying to access the database from an IP that isn't whitelisted. Make sure your current IP address is on your Atlas cluster's IP whitelist: https://docs.atlas.mongodb.com/security-whitelist/
MongooseServerSelectionError: Could not connect to any servers in your MongoDB Atlas cluster. One common reason is that you're trying to access the database from an IP that isn't whitelisted. Make sure your current IP address is on your Atlas cluster's IP whitelist: https://docs.atlas.mongodb.com/security-whitelist/
    at NativeConnection.Connection.openUri (/Users/ankithal/Desktop/Projects/Booking_App/Booking-App/api/node_modules/mongoose/lib/connection.js:824:32)
    at /Users/ankithal/Desktop/Projects/Booking_App/Booking-App/api/node_modules/mongoose/lib/index.js:381:10
    at /Users/ankithal/Desktop/Projects/Booking_App/Booking-App/api/node_modules/mongoose/lib/helpers/promiseOrCallback.js:41:5
    at new Promise (<anonymous>)
    at promiseOrCallback (/Users/ankithal/Desktop/Projects/Booking_App/Booking-App/api/node_modules/mongoose/lib/helpers/promiseOrCallback.js:40:10)
    at Mongoose._promiseOrCallback (/Users/ankithal/Desktop/Projects/Booking_App/Booking-App/api/node_modules/mongoose/lib/index.js:1234:10)
    at Mongoose.connect (/Users/ankithal/Desktop/Projects/Booking_App/Booking-App/api/node_modules/mongoose/lib/index.js:380:20)
    at App.connectToDatabase (/Users/ankithal/Desktop/Projects/Booking_App/Booking-App/api/src/app.ts:52:14)
    at new App (/Users/ankithal/Desktop/Projects/Booking_App/Booking-App/api/src/app.ts:28:10)
    at Object.<anonymous> (/Users/ankithal/Desktop/Projects/Booking_App/Booking-App/api/src/index.ts:13:13)
2024-09-26 20:06:05 error: uncaughtException: Could not connect to any servers in your MongoDB Atlas cluster. One common reason is that you're trying to access the database from an IP that isn't whitelisted. Make sure your current IP address is on your Atlas cluster's IP whitelist: https://docs.atlas.mongodb.com/security-whitelist/
MongooseServerSelectionError: Could not connect to any servers in your MongoDB Atlas cluster. One common reason is that you're trying to access the database from an IP that isn't whitelisted. Make sure your current IP address is on your Atlas cluster's IP whitelist: https://docs.atlas.mongodb.com/security-whitelist/
    at NativeConnection.Connection.openUri (/Users/ankithal/Desktop/Projects/Booking_App/Booking-App/api/node_modules/mongoose/lib/connection.js:824:32)
    at /Users/ankithal/Desktop/Projects/Booking_App/Booking-App/api/node_modules/mongoose/lib/index.js:381:10
    at /Users/ankithal/Desktop/Projects/Booking_App/Booking-App/api/node_modules/mongoose/lib/helpers/promiseOrCallback.js:41:5
    at new Promise (<anonymous>)
    at promiseOrCallback (/Users/ankithal/Desktop/Projects/Booking_App/Booking-App/api/node_modules/mongoose/lib/helpers/promiseOrCallback.js:40:10)
    at Mongoose._promiseOrCallback (/Users/ankithal/Desktop/Projects/Booking_App/Booking-App/api/node_modules/mongoose/lib/index.js:1234:10)
    at Mongoose.connect (/Users/ankithal/Desktop/Projects/Booking_App/Booking-App/api/node_modules/mongoose/lib/index.js:380:20)
    at App.connectToDatabase (/Users/ankithal/Desktop/Projects/Booking_App/Booking-App/api/src/app.ts:52:14)
    at new App (/Users/ankithal/Desktop/Projects/Booking_App/Booking-App/api/src/app.ts:28:10)
    at Object.<anonymous> (/Users/ankithal/Desktop/Projects/Booking_App/Booking-App/api/src/index.ts:13:13)
2024-09-26 20:10:03 error: uncaughtException: Could not connect to any servers in your MongoDB Atlas cluster. One common reason is that you're trying to access the database from an IP that isn't whitelisted. Make sure your current IP address is on your Atlas cluster's IP whitelist: https://docs.atlas.mongodb.com/security-whitelist/
MongooseServerSelectionError: Could not connect to any servers in your MongoDB Atlas cluster. One common reason is that you're trying to access the database from an IP that isn't whitelisted. Make sure your current IP address is on your Atlas cluster's IP whitelist: https://docs.atlas.mongodb.com/security-whitelist/
    at NativeConnection.Connection.openUri (/Users/ankithal/Desktop/Projects/Booking_App/Booking-App/api/node_modules/mongoose/lib/connection.js:824:32)
    at /Users/ankithal/Desktop/Projects/Booking_App/Booking-App/api/node_modules/mongoose/lib/index.js:381:10
    at /Users/ankithal/Desktop/Projects/Booking_App/Booking-App/api/node_modules/mongoose/lib/helpers/promiseOrCallback.js:41:5
    at new Promise (<anonymous>)
    at promiseOrCallback (/Users/ankithal/Desktop/Projects/Booking_App/Booking-App/api/node_modules/mongoose/lib/helpers/promiseOrCallback.js:40:10)
    at Mongoose._promiseOrCallback (/Users/ankithal/Desktop/Projects/Booking_App/Booking-App/api/node_modules/mongoose/lib/index.js:1234:10)
    at Mongoose.connect (/Users/ankithal/Desktop/Projects/Booking_App/Booking-App/api/node_modules/mongoose/lib/index.js:380:20)
    at App.connectToDatabase (/Users/ankithal/Desktop/Projects/Booking_App/Booking-App/api/src/app.ts:52:14)
    at new App (/Users/ankithal/Desktop/Projects/Booking_App/Booking-App/api/src/app.ts:28:10)
    at Object.<anonymous> (/Users/ankithal/Desktop/Projects/Booking_App/Booking-App/api/src/index.ts:13:13)
